main
1 blocks
func main

mod
1 blocks
func mod

gcd
4 blocks
3
func gcd
gcd_for.body.5: 1
gcd_for.end.5: 1
gcd_for.cond.5: 2

