main
1 blocks
func main

fitsInside
1 blocks
func fitsInside

