main
3 blocks
1
func main
main_flip: 1
main_end: 2

area
1 blocks
func area

