main
6 blocks
5
4
func main
main_for.body.3: 1
main_for.end.3: 1
main_if.body: 1
main_for.incre: 1
main_for.cond.3: 3

