main
4 blocks
2
func main
main_done: 1
main_body: 1
main_loop: 2

mod
1 blocks
func mod

